node:internal/modules/esm/resolve:272
    throw new ERR_MODULE_NOT_FOUND(
          ^

Error [ERR_MODULE_NOT_FOUND]: Cannot find module '/Users/abram/code/lumen/scripts/ingest-podcast/extract-lib.mjs' imported from /Users/abram/code/lumen/scripts/__tests__/ingest-extraction.test.mjs
    at finalizeResolution (node:internal/modules/esm/resolve:272:11)
    at moduleResolve (node:internal/modules/esm/resolve:879:10)
    at defaultResolve (node:internal/modules/esm/resolve:1006:11)
    at #cachedDefaultResolve (node:internal/modules/esm/loader:704:20)
    at #resolveAndMaybeBlockOnLoaderThread (node:internal/modules/esm/loader:724:38)
    at ModuleLoader.resolveSync (node:internal/modules/esm/loader:762:56)
    at #resolve (node:internal/modules/esm/loader:686:17)
    at ModuleLoader.getOrCreateModuleJob (node:internal/modules/esm/loader:606:35)
    at ModuleJob.syncLink (node:internal/modules/esm/module_job:164:33)
    at ModuleJob.link (node:internal/modules/esm/module_job:261:17) {
  code: 'ERR_MODULE_NOT_FOUND',
  url: 'file:///Users/abram/code/lumen/scripts/ingest-podcast/extract-lib.mjs'
}

Node.js v26.4.0
✖ scripts/__tests__/ingest-extraction.test.mjs (32.513541ms)
ℹ tests 1
ℹ suites 0
ℹ pass 0
ℹ fail 1
ℹ cancelled 0
ℹ skipped 0
ℹ todo 0
ℹ duration_ms 36.318

✖ failing tests:

test at scripts/__tests__/ingest-extraction.test.mjs:1:1
✖ scripts/__tests__/ingest-extraction.test.mjs (32.513541ms)
  'test failed'
EXIT=1
