=== harness-initial run: 2026-07-03T18:25:58Z ===
--- packages/scripture (get-neighborhood contract) ---

Caused by: Error: Failed to load url ../graph/get-neighborhood (resolved id: ../graph/get-neighborhood) in /Users/abram/code/lumen/packages/scripture/src/__tests__/get-neighborhood.test.ts. Does the file exist?
 ❯ loadAndTransform ../../node_modules/.pnpm/vite@7.3.5_@types+node@25.9.2_jiti@2.7.0_lightningcss@1.30.2_tsx@4.22.4/node_modules/vite/dist/node/chunks/config.js:22739:33

⎯⎯⎯⎯⎯⎯⎯⎯⎯⎯⎯⎯⎯⎯⎯⎯⎯⎯⎯⎯⎯⎯⎯⎯[1/1]⎯


 Test Files  1 failed (1)
      Tests  no tests
   Start at  11:25:58
   Duration  158ms (transform 19ms, setup 0ms, collect 0ms, tests 0ms, environment 0ms, prepare 36ms)

scripture exit: 0
--- apps/web (?graph loader contract) ---
       |                      ^
    129|  });
    130| });

⎯⎯⎯⎯⎯⎯⎯⎯⎯⎯⎯⎯⎯⎯⎯⎯⎯⎯⎯⎯⎯⎯⎯⎯[7/7]⎯


 Test Files  1 failed (1)
      Tests  7 failed (7)
   Start at  11:25:58
   Duration  524ms (transform 65ms, setup 0ms, collect 384ms, tests 6ms, environment 0ms, prepare 31ms)

web exit: 0
--- live smoke (scripts/smoke-graph-view.mjs) ---
}

Node.js v26.4.0
smoke exit: 0
